<testsuites name="jest tests" tests="5" failures="5" time="0.728">
  <testsuite name="undefined" errors="0" failures="5" skipped="0" timestamp="2020-07-14T14:32:53" time="0.728" tests="5">
    <testcase classname=" Navigation renders correctly" name=" Navigation renders correctly" time="0.028">
      <failure>TypeError: this.props.changeOrderByDate is not a function
    at App.componentDidMount (/home/akash-ingole/Desktop/SortArticlesQuesHR/d74070cf-dbe4-4530-9b79-bf1ea293cab8/src/App.js:27:70)
    at commitLifeCycles (/home/akash-ingole/Desktop/SortArticlesQuesHR/d74070cf-dbe4-4530-9b79-bf1ea293cab8/node_modules/react-dom/cjs/react-dom.development.js:9698:26)
    at commitAllLifeCycles (/home/akash-ingole/Desktop/SortArticlesQuesHR/d74070cf-dbe4-4530-9b79-bf1ea293cab8/node_modules/react-dom/cjs/react-dom.development.js:11349:9)
    at HTMLUnknownElement.callCallback (/home/akash-ingole/Desktop/SortArticlesQuesHR/d74070cf-dbe4-4530-9b79-bf1ea293cab8/node_modules/react-dom/cjs/react-dom.development.js:104:14)
    at invokeEventListeners (/home/akash-ingole/Desktop/SortArticlesQuesHR/d74070cf-dbe4-4530-9b79-bf1ea293cab8/node_modules/jsdom/lib/jsdom/living/events/EventTarget-impl.js:219:27)
    at HTMLUnknownElementImpl._dispatch (/home/akash-ingole/Desktop/SortArticlesQuesHR/d74070cf-dbe4-4530-9b79-bf1ea293cab8/node_modules/jsdom/lib/jsdom/living/events/EventTarget-impl.js:126:9)
    at HTMLUnknownElementImpl.dispatchEvent (/home/akash-ingole/Desktop/SortArticlesQuesHR/d74070cf-dbe4-4530-9b79-bf1ea293cab8/node_modules/jsdom/lib/jsdom/living/events/EventTarget-impl.js:87:17)
    at HTMLUnknownElementImpl.dispatchEvent (/home/akash-ingole/Desktop/SortArticlesQuesHR/d74070cf-dbe4-4530-9b79-bf1ea293cab8/node_modules/jsdom/lib/jsdom/living/nodes/HTMLElement-impl.js:36:27)
    at HTMLUnknownElement.dispatchEvent (/home/akash-ingole/Desktop/SortArticlesQuesHR/d74070cf-dbe4-4530-9b79-bf1ea293cab8/node_modules/jsdom/lib/jsdom/living/generated/EventTarget.js:61:35)
    at Object.invokeGuardedCallbackDev (/home/akash-ingole/Desktop/SortArticlesQuesHR/d74070cf-dbe4-4530-9b79-bf1ea293cab8/node_modules/react-dom/cjs/react-dom.development.js:142:16)
    at invokeGuardedCallback (/home/akash-ingole/Desktop/SortArticlesQuesHR/d74070cf-dbe4-4530-9b79-bf1ea293cab8/node_modules/react-dom/cjs/react-dom.development.js:191:29)
    at commitRoot (/home/akash-ingole/Desktop/SortArticlesQuesHR/d74070cf-dbe4-4530-9b79-bf1ea293cab8/node_modules/react-dom/cjs/react-dom.development.js:11488:9)
    at completeRoot (/home/akash-ingole/Desktop/SortArticlesQuesHR/d74070cf-dbe4-4530-9b79-bf1ea293cab8/node_modules/react-dom/cjs/react-dom.development.js:12371:36)
    at performWorkOnRoot (/home/akash-ingole/Desktop/SortArticlesQuesHR/d74070cf-dbe4-4530-9b79-bf1ea293cab8/node_modules/react-dom/cjs/react-dom.development.js:12321:11)
    at requestWork (/home/akash-ingole/Desktop/SortArticlesQuesHR/d74070cf-dbe4-4530-9b79-bf1ea293cab8/node_modules/react-dom/cjs/react-dom.development.js:12109:9)
    at scheduleWorkImpl (/home/akash-ingole/Desktop/SortArticlesQuesHR/d74070cf-dbe4-4530-9b79-bf1ea293cab8/node_modules/react-dom/cjs/react-dom.development.js:11991:13)
    at scheduleWork (/home/akash-ingole/Desktop/SortArticlesQuesHR/d74070cf-dbe4-4530-9b79-bf1ea293cab8/node_modules/react-dom/cjs/react-dom.development.js:11951:12)
    at scheduleRootUpdate (/home/akash-ingole/Desktop/SortArticlesQuesHR/d74070cf-dbe4-4530-9b79-bf1ea293cab8/node_modules/react-dom/cjs/react-dom.development.js:12579:5)
    at updateContainerAtExpirationTime (/home/akash-ingole/Desktop/SortArticlesQuesHR/d74070cf-dbe4-4530-9b79-bf1ea293cab8/node_modules/react-dom/cjs/react-dom.development.js:12607:12)
    at Object.updateContainer (/home/akash-ingole/Desktop/SortArticlesQuesHR/d74070cf-dbe4-4530-9b79-bf1ea293cab8/node_modules/react-dom/cjs/react-dom.development.js:12626:14)
    at ReactRoot.Object.&lt;anonymous&gt;.ReactRoot.render (/home/akash-ingole/Desktop/SortArticlesQuesHR/d74070cf-dbe4-4530-9b79-bf1ea293cab8/node_modules/react-dom/cjs/react-dom.development.js:15926:15)
    at /home/akash-ingole/Desktop/SortArticlesQuesHR/d74070cf-dbe4-4530-9b79-bf1ea293cab8/node_modules/react-dom/cjs/react-dom.development.js:16345:14
    at Object.unbatchedUpdates (/home/akash-ingole/Desktop/SortArticlesQuesHR/d74070cf-dbe4-4530-9b79-bf1ea293cab8/node_modules/react-dom/cjs/react-dom.development.js:12421:16)
    at legacyRenderSubtreeIntoContainer (/home/akash-ingole/Desktop/SortArticlesQuesHR/d74070cf-dbe4-4530-9b79-bf1ea293cab8/node_modules/react-dom/cjs/react-dom.development.js:16341:17)
    at Object.render (/home/akash-ingole/Desktop/SortArticlesQuesHR/d74070cf-dbe4-4530-9b79-bf1ea293cab8/node_modules/react-dom/cjs/react-dom.development.js:16409:12)
    at /home/akash-ingole/Desktop/SortArticlesQuesHR/d74070cf-dbe4-4530-9b79-bf1ea293cab8/node_modules/@testing-library/react/dist/index.js:86:25
    at Object.batchedUpdates [as unstable_batchedUpdates] (/home/akash-ingole/Desktop/SortArticlesQuesHR/d74070cf-dbe4-4530-9b79-bf1ea293cab8/node_modules/react-dom/cjs/react-dom.development.js:12406:14)
    at actPolyfill (/home/akash-ingole/Desktop/SortArticlesQuesHR/d74070cf-dbe4-4530-9b79-bf1ea293cab8/node_modules/@testing-library/react/dist/act-compat.js:26:21)
    at render (/home/akash-ingole/Desktop/SortArticlesQuesHR/d74070cf-dbe4-4530-9b79-bf1ea293cab8/node_modules/@testing-library/react/dist/index.js:82:26)
    at renderApp (/home/akash-ingole/Desktop/SortArticlesQuesHR/d74070cf-dbe4-4530-9b79-bf1ea293cab8/src/App.test.js:74:44)
    at Object.&lt;anonymous&gt; (/home/akash-ingole/Desktop/SortArticlesQuesHR/d74070cf-dbe4-4530-9b79-bf1ea293cab8/src/App.test.js:84:3)
    at Object.asyncFn (/home/akash-ingole/Desktop/SortArticlesQuesHR/d74070cf-dbe4-4530-9b79-bf1ea293cab8/node_modules/jest-jasmine2/build/jasmine-async.js:68:30)
    at /home/akash-ingole/Desktop/SortArticlesQuesHR/d74070cf-dbe4-4530-9b79-bf1ea293cab8/node_modules/jest-jasmine2/build/queueRunner.js:38:12
    at new Promise (&lt;anonymous&gt;)
    at mapper (/home/akash-ingole/Desktop/SortArticlesQuesHR/d74070cf-dbe4-4530-9b79-bf1ea293cab8/node_modules/jest-jasmine2/build/queueRunner.js:31:21)
    at /home/akash-ingole/Desktop/SortArticlesQuesHR/d74070cf-dbe4-4530-9b79-bf1ea293cab8/node_modules/p-map/index.js:46:16
    at processTicksAndRejections (internal/process/task_queues.js:93:5)</failure>
    </testcase>
    <testcase classname=" Initial articles render correctly" name=" Initial articles render correctly" time="0.01">
      <failure>TypeError: this.props.changeOrderByDate is not a function
    at App.componentDidMount (/home/akash-ingole/Desktop/SortArticlesQuesHR/d74070cf-dbe4-4530-9b79-bf1ea293cab8/src/App.js:27:70)
    at commitLifeCycles (/home/akash-ingole/Desktop/SortArticlesQuesHR/d74070cf-dbe4-4530-9b79-bf1ea293cab8/node_modules/react-dom/cjs/react-dom.development.js:9698:26)
    at commitAllLifeCycles (/home/akash-ingole/Desktop/SortArticlesQuesHR/d74070cf-dbe4-4530-9b79-bf1ea293cab8/node_modules/react-dom/cjs/react-dom.development.js:11349:9)
    at HTMLUnknownElement.callCallback (/home/akash-ingole/Desktop/SortArticlesQuesHR/d74070cf-dbe4-4530-9b79-bf1ea293cab8/node_modules/react-dom/cjs/react-dom.development.js:104:14)
    at invokeEventListeners (/home/akash-ingole/Desktop/SortArticlesQuesHR/d74070cf-dbe4-4530-9b79-bf1ea293cab8/node_modules/jsdom/lib/jsdom/living/events/EventTarget-impl.js:219:27)
    at HTMLUnknownElementImpl._dispatch (/home/akash-ingole/Desktop/SortArticlesQuesHR/d74070cf-dbe4-4530-9b79-bf1ea293cab8/node_modules/jsdom/lib/jsdom/living/events/EventTarget-impl.js:126:9)
    at HTMLUnknownElementImpl.dispatchEvent (/home/akash-ingole/Desktop/SortArticlesQuesHR/d74070cf-dbe4-4530-9b79-bf1ea293cab8/node_modules/jsdom/lib/jsdom/living/events/EventTarget-impl.js:87:17)
    at HTMLUnknownElementImpl.dispatchEvent (/home/akash-ingole/Desktop/SortArticlesQuesHR/d74070cf-dbe4-4530-9b79-bf1ea293cab8/node_modules/jsdom/lib/jsdom/living/nodes/HTMLElement-impl.js:36:27)
    at HTMLUnknownElement.dispatchEvent (/home/akash-ingole/Desktop/SortArticlesQuesHR/d74070cf-dbe4-4530-9b79-bf1ea293cab8/node_modules/jsdom/lib/jsdom/living/generated/EventTarget.js:61:35)
    at Object.invokeGuardedCallbackDev (/home/akash-ingole/Desktop/SortArticlesQuesHR/d74070cf-dbe4-4530-9b79-bf1ea293cab8/node_modules/react-dom/cjs/react-dom.development.js:142:16)
    at invokeGuardedCallback (/home/akash-ingole/Desktop/SortArticlesQuesHR/d74070cf-dbe4-4530-9b79-bf1ea293cab8/node_modules/react-dom/cjs/react-dom.development.js:191:29)
    at commitRoot (/home/akash-ingole/Desktop/SortArticlesQuesHR/d74070cf-dbe4-4530-9b79-bf1ea293cab8/node_modules/react-dom/cjs/react-dom.development.js:11488:9)
    at completeRoot (/home/akash-ingole/Desktop/SortArticlesQuesHR/d74070cf-dbe4-4530-9b79-bf1ea293cab8/node_modules/react-dom/cjs/react-dom.development.js:12371:36)
    at performWorkOnRoot (/home/akash-ingole/Desktop/SortArticlesQuesHR/d74070cf-dbe4-4530-9b79-bf1ea293cab8/node_modules/react-dom/cjs/react-dom.development.js:12321:11)
    at requestWork (/home/akash-ingole/Desktop/SortArticlesQuesHR/d74070cf-dbe4-4530-9b79-bf1ea293cab8/node_modules/react-dom/cjs/react-dom.development.js:12109:9)
    at scheduleWorkImpl (/home/akash-ingole/Desktop/SortArticlesQuesHR/d74070cf-dbe4-4530-9b79-bf1ea293cab8/node_modules/react-dom/cjs/react-dom.development.js:11991:13)
    at scheduleWork (/home/akash-ingole/Desktop/SortArticlesQuesHR/d74070cf-dbe4-4530-9b79-bf1ea293cab8/node_modules/react-dom/cjs/react-dom.development.js:11951:12)
    at scheduleRootUpdate (/home/akash-ingole/Desktop/SortArticlesQuesHR/d74070cf-dbe4-4530-9b79-bf1ea293cab8/node_modules/react-dom/cjs/react-dom.development.js:12579:5)
    at updateContainerAtExpirationTime (/home/akash-ingole/Desktop/SortArticlesQuesHR/d74070cf-dbe4-4530-9b79-bf1ea293cab8/node_modules/react-dom/cjs/react-dom.development.js:12607:12)
    at Object.updateContainer (/home/akash-ingole/Desktop/SortArticlesQuesHR/d74070cf-dbe4-4530-9b79-bf1ea293cab8/node_modules/react-dom/cjs/react-dom.development.js:12626:14)
    at ReactRoot.Object.&lt;anonymous&gt;.ReactRoot.render (/home/akash-ingole/Desktop/SortArticlesQuesHR/d74070cf-dbe4-4530-9b79-bf1ea293cab8/node_modules/react-dom/cjs/react-dom.development.js:15926:15)
    at /home/akash-ingole/Desktop/SortArticlesQuesHR/d74070cf-dbe4-4530-9b79-bf1ea293cab8/node_modules/react-dom/cjs/react-dom.development.js:16345:14
    at Object.unbatchedUpdates (/home/akash-ingole/Desktop/SortArticlesQuesHR/d74070cf-dbe4-4530-9b79-bf1ea293cab8/node_modules/react-dom/cjs/react-dom.development.js:12421:16)
    at legacyRenderSubtreeIntoContainer (/home/akash-ingole/Desktop/SortArticlesQuesHR/d74070cf-dbe4-4530-9b79-bf1ea293cab8/node_modules/react-dom/cjs/react-dom.development.js:16341:17)
    at Object.render (/home/akash-ingole/Desktop/SortArticlesQuesHR/d74070cf-dbe4-4530-9b79-bf1ea293cab8/node_modules/react-dom/cjs/react-dom.development.js:16409:12)
    at /home/akash-ingole/Desktop/SortArticlesQuesHR/d74070cf-dbe4-4530-9b79-bf1ea293cab8/node_modules/@testing-library/react/dist/index.js:86:25
    at Object.batchedUpdates [as unstable_batchedUpdates] (/home/akash-ingole/Desktop/SortArticlesQuesHR/d74070cf-dbe4-4530-9b79-bf1ea293cab8/node_modules/react-dom/cjs/react-dom.development.js:12406:14)
    at actPolyfill (/home/akash-ingole/Desktop/SortArticlesQuesHR/d74070cf-dbe4-4530-9b79-bf1ea293cab8/node_modules/@testing-library/react/dist/act-compat.js:26:21)
    at render (/home/akash-ingole/Desktop/SortArticlesQuesHR/d74070cf-dbe4-4530-9b79-bf1ea293cab8/node_modules/@testing-library/react/dist/index.js:82:26)
    at renderApp (/home/akash-ingole/Desktop/SortArticlesQuesHR/d74070cf-dbe4-4530-9b79-bf1ea293cab8/src/App.test.js:74:44)
    at Object.&lt;anonymous&gt; (/home/akash-ingole/Desktop/SortArticlesQuesHR/d74070cf-dbe4-4530-9b79-bf1ea293cab8/src/App.test.js:107:3)
    at Object.asyncFn (/home/akash-ingole/Desktop/SortArticlesQuesHR/d74070cf-dbe4-4530-9b79-bf1ea293cab8/node_modules/jest-jasmine2/build/jasmine-async.js:68:30)
    at /home/akash-ingole/Desktop/SortArticlesQuesHR/d74070cf-dbe4-4530-9b79-bf1ea293cab8/node_modules/jest-jasmine2/build/queueRunner.js:38:12
    at new Promise (&lt;anonymous&gt;)
    at mapper (/home/akash-ingole/Desktop/SortArticlesQuesHR/d74070cf-dbe4-4530-9b79-bf1ea293cab8/node_modules/jest-jasmine2/build/queueRunner.js:31:21)
    at /home/akash-ingole/Desktop/SortArticlesQuesHR/d74070cf-dbe4-4530-9b79-bf1ea293cab8/node_modules/p-map/index.js:46:16
    at processTicksAndRejections (internal/process/task_queues.js:93:5)</failure>
    </testcase>
    <testcase classname=" Clicking on top renders expected articles" name=" Clicking on top renders expected articles" time="0.004">
      <failure>TypeError: this.props.changeOrderByDate is not a function
    at App.componentDidMount (/home/akash-ingole/Desktop/SortArticlesQuesHR/d74070cf-dbe4-4530-9b79-bf1ea293cab8/src/App.js:27:70)
    at commitLifeCycles (/home/akash-ingole/Desktop/SortArticlesQuesHR/d74070cf-dbe4-4530-9b79-bf1ea293cab8/node_modules/react-dom/cjs/react-dom.development.js:9698:26)
    at commitAllLifeCycles (/home/akash-ingole/Desktop/SortArticlesQuesHR/d74070cf-dbe4-4530-9b79-bf1ea293cab8/node_modules/react-dom/cjs/react-dom.development.js:11349:9)
    at HTMLUnknownElement.callCallback (/home/akash-ingole/Desktop/SortArticlesQuesHR/d74070cf-dbe4-4530-9b79-bf1ea293cab8/node_modules/react-dom/cjs/react-dom.development.js:104:14)
    at invokeEventListeners (/home/akash-ingole/Desktop/SortArticlesQuesHR/d74070cf-dbe4-4530-9b79-bf1ea293cab8/node_modules/jsdom/lib/jsdom/living/events/EventTarget-impl.js:219:27)
    at HTMLUnknownElementImpl._dispatch (/home/akash-ingole/Desktop/SortArticlesQuesHR/d74070cf-dbe4-4530-9b79-bf1ea293cab8/node_modules/jsdom/lib/jsdom/living/events/EventTarget-impl.js:126:9)
    at HTMLUnknownElementImpl.dispatchEvent (/home/akash-ingole/Desktop/SortArticlesQuesHR/d74070cf-dbe4-4530-9b79-bf1ea293cab8/node_modules/jsdom/lib/jsdom/living/events/EventTarget-impl.js:87:17)
    at HTMLUnknownElementImpl.dispatchEvent (/home/akash-ingole/Desktop/SortArticlesQuesHR/d74070cf-dbe4-4530-9b79-bf1ea293cab8/node_modules/jsdom/lib/jsdom/living/nodes/HTMLElement-impl.js:36:27)
    at HTMLUnknownElement.dispatchEvent (/home/akash-ingole/Desktop/SortArticlesQuesHR/d74070cf-dbe4-4530-9b79-bf1ea293cab8/node_modules/jsdom/lib/jsdom/living/generated/EventTarget.js:61:35)
    at Object.invokeGuardedCallbackDev (/home/akash-ingole/Desktop/SortArticlesQuesHR/d74070cf-dbe4-4530-9b79-bf1ea293cab8/node_modules/react-dom/cjs/react-dom.development.js:142:16)
    at invokeGuardedCallback (/home/akash-ingole/Desktop/SortArticlesQuesHR/d74070cf-dbe4-4530-9b79-bf1ea293cab8/node_modules/react-dom/cjs/react-dom.development.js:191:29)
    at commitRoot (/home/akash-ingole/Desktop/SortArticlesQuesHR/d74070cf-dbe4-4530-9b79-bf1ea293cab8/node_modules/react-dom/cjs/react-dom.development.js:11488:9)
    at completeRoot (/home/akash-ingole/Desktop/SortArticlesQuesHR/d74070cf-dbe4-4530-9b79-bf1ea293cab8/node_modules/react-dom/cjs/react-dom.development.js:12371:36)
    at performWorkOnRoot (/home/akash-ingole/Desktop/SortArticlesQuesHR/d74070cf-dbe4-4530-9b79-bf1ea293cab8/node_modules/react-dom/cjs/react-dom.development.js:12321:11)
    at requestWork (/home/akash-ingole/Desktop/SortArticlesQuesHR/d74070cf-dbe4-4530-9b79-bf1ea293cab8/node_modules/react-dom/cjs/react-dom.development.js:12109:9)
    at scheduleWorkImpl (/home/akash-ingole/Desktop/SortArticlesQuesHR/d74070cf-dbe4-4530-9b79-bf1ea293cab8/node_modules/react-dom/cjs/react-dom.development.js:11991:13)
    at scheduleWork (/home/akash-ingole/Desktop/SortArticlesQuesHR/d74070cf-dbe4-4530-9b79-bf1ea293cab8/node_modules/react-dom/cjs/react-dom.development.js:11951:12)
    at scheduleRootUpdate (/home/akash-ingole/Desktop/SortArticlesQuesHR/d74070cf-dbe4-4530-9b79-bf1ea293cab8/node_modules/react-dom/cjs/react-dom.development.js:12579:5)
    at updateContainerAtExpirationTime (/home/akash-ingole/Desktop/SortArticlesQuesHR/d74070cf-dbe4-4530-9b79-bf1ea293cab8/node_modules/react-dom/cjs/react-dom.development.js:12607:12)
    at Object.updateContainer (/home/akash-ingole/Desktop/SortArticlesQuesHR/d74070cf-dbe4-4530-9b79-bf1ea293cab8/node_modules/react-dom/cjs/react-dom.development.js:12626:14)
    at ReactRoot.Object.&lt;anonymous&gt;.ReactRoot.render (/home/akash-ingole/Desktop/SortArticlesQuesHR/d74070cf-dbe4-4530-9b79-bf1ea293cab8/node_modules/react-dom/cjs/react-dom.development.js:15926:15)
    at /home/akash-ingole/Desktop/SortArticlesQuesHR/d74070cf-dbe4-4530-9b79-bf1ea293cab8/node_modules/react-dom/cjs/react-dom.development.js:16345:14
    at Object.unbatchedUpdates (/home/akash-ingole/Desktop/SortArticlesQuesHR/d74070cf-dbe4-4530-9b79-bf1ea293cab8/node_modules/react-dom/cjs/react-dom.development.js:12421:16)
    at legacyRenderSubtreeIntoContainer (/home/akash-ingole/Desktop/SortArticlesQuesHR/d74070cf-dbe4-4530-9b79-bf1ea293cab8/node_modules/react-dom/cjs/react-dom.development.js:16341:17)
    at Object.render (/home/akash-ingole/Desktop/SortArticlesQuesHR/d74070cf-dbe4-4530-9b79-bf1ea293cab8/node_modules/react-dom/cjs/react-dom.development.js:16409:12)
    at /home/akash-ingole/Desktop/SortArticlesQuesHR/d74070cf-dbe4-4530-9b79-bf1ea293cab8/node_modules/@testing-library/react/dist/index.js:86:25
    at Object.batchedUpdates [as unstable_batchedUpdates] (/home/akash-ingole/Desktop/SortArticlesQuesHR/d74070cf-dbe4-4530-9b79-bf1ea293cab8/node_modules/react-dom/cjs/react-dom.development.js:12406:14)
    at actPolyfill (/home/akash-ingole/Desktop/SortArticlesQuesHR/d74070cf-dbe4-4530-9b79-bf1ea293cab8/node_modules/@testing-library/react/dist/act-compat.js:26:21)
    at render (/home/akash-ingole/Desktop/SortArticlesQuesHR/d74070cf-dbe4-4530-9b79-bf1ea293cab8/node_modules/@testing-library/react/dist/index.js:82:26)
    at renderApp (/home/akash-ingole/Desktop/SortArticlesQuesHR/d74070cf-dbe4-4530-9b79-bf1ea293cab8/src/App.test.js:74:44)
    at Object.&lt;anonymous&gt; (/home/akash-ingole/Desktop/SortArticlesQuesHR/d74070cf-dbe4-4530-9b79-bf1ea293cab8/src/App.test.js:114:3)
    at Object.asyncFn (/home/akash-ingole/Desktop/SortArticlesQuesHR/d74070cf-dbe4-4530-9b79-bf1ea293cab8/node_modules/jest-jasmine2/build/jasmine-async.js:68:30)
    at /home/akash-ingole/Desktop/SortArticlesQuesHR/d74070cf-dbe4-4530-9b79-bf1ea293cab8/node_modules/jest-jasmine2/build/queueRunner.js:38:12
    at new Promise (&lt;anonymous&gt;)
    at mapper (/home/akash-ingole/Desktop/SortArticlesQuesHR/d74070cf-dbe4-4530-9b79-bf1ea293cab8/node_modules/jest-jasmine2/build/queueRunner.js:31:21)
    at /home/akash-ingole/Desktop/SortArticlesQuesHR/d74070cf-dbe4-4530-9b79-bf1ea293cab8/node_modules/p-map/index.js:46:16
    at processTicksAndRejections (internal/process/task_queues.js:93:5)</failure>
    </testcase>
    <testcase classname=" Clicking on newest renders expected articles" name=" Clicking on newest renders expected articles" time="0.002">
      <failure>TypeError: this.props.changeOrderByDate is not a function
    at App.componentDidMount (/home/akash-ingole/Desktop/SortArticlesQuesHR/d74070cf-dbe4-4530-9b79-bf1ea293cab8/src/App.js:27:70)
    at commitLifeCycles (/home/akash-ingole/Desktop/SortArticlesQuesHR/d74070cf-dbe4-4530-9b79-bf1ea293cab8/node_modules/react-dom/cjs/react-dom.development.js:9698:26)
    at commitAllLifeCycles (/home/akash-ingole/Desktop/SortArticlesQuesHR/d74070cf-dbe4-4530-9b79-bf1ea293cab8/node_modules/react-dom/cjs/react-dom.development.js:11349:9)
    at HTMLUnknownElement.callCallback (/home/akash-ingole/Desktop/SortArticlesQuesHR/d74070cf-dbe4-4530-9b79-bf1ea293cab8/node_modules/react-dom/cjs/react-dom.development.js:104:14)
    at invokeEventListeners (/home/akash-ingole/Desktop/SortArticlesQuesHR/d74070cf-dbe4-4530-9b79-bf1ea293cab8/node_modules/jsdom/lib/jsdom/living/events/EventTarget-impl.js:219:27)
    at HTMLUnknownElementImpl._dispatch (/home/akash-ingole/Desktop/SortArticlesQuesHR/d74070cf-dbe4-4530-9b79-bf1ea293cab8/node_modules/jsdom/lib/jsdom/living/events/EventTarget-impl.js:126:9)
    at HTMLUnknownElementImpl.dispatchEvent (/home/akash-ingole/Desktop/SortArticlesQuesHR/d74070cf-dbe4-4530-9b79-bf1ea293cab8/node_modules/jsdom/lib/jsdom/living/events/EventTarget-impl.js:87:17)
    at HTMLUnknownElementImpl.dispatchEvent (/home/akash-ingole/Desktop/SortArticlesQuesHR/d74070cf-dbe4-4530-9b79-bf1ea293cab8/node_modules/jsdom/lib/jsdom/living/nodes/HTMLElement-impl.js:36:27)
    at HTMLUnknownElement.dispatchEvent (/home/akash-ingole/Desktop/SortArticlesQuesHR/d74070cf-dbe4-4530-9b79-bf1ea293cab8/node_modules/jsdom/lib/jsdom/living/generated/EventTarget.js:61:35)
    at Object.invokeGuardedCallbackDev (/home/akash-ingole/Desktop/SortArticlesQuesHR/d74070cf-dbe4-4530-9b79-bf1ea293cab8/node_modules/react-dom/cjs/react-dom.development.js:142:16)
    at invokeGuardedCallback (/home/akash-ingole/Desktop/SortArticlesQuesHR/d74070cf-dbe4-4530-9b79-bf1ea293cab8/node_modules/react-dom/cjs/react-dom.development.js:191:29)
    at commitRoot (/home/akash-ingole/Desktop/SortArticlesQuesHR/d74070cf-dbe4-4530-9b79-bf1ea293cab8/node_modules/react-dom/cjs/react-dom.development.js:11488:9)
    at completeRoot (/home/akash-ingole/Desktop/SortArticlesQuesHR/d74070cf-dbe4-4530-9b79-bf1ea293cab8/node_modules/react-dom/cjs/react-dom.development.js:12371:36)
    at performWorkOnRoot (/home/akash-ingole/Desktop/SortArticlesQuesHR/d74070cf-dbe4-4530-9b79-bf1ea293cab8/node_modules/react-dom/cjs/react-dom.development.js:12321:11)
    at requestWork (/home/akash-ingole/Desktop/SortArticlesQuesHR/d74070cf-dbe4-4530-9b79-bf1ea293cab8/node_modules/react-dom/cjs/react-dom.development.js:12109:9)
    at scheduleWorkImpl (/home/akash-ingole/Desktop/SortArticlesQuesHR/d74070cf-dbe4-4530-9b79-bf1ea293cab8/node_modules/react-dom/cjs/react-dom.development.js:11991:13)
    at scheduleWork (/home/akash-ingole/Desktop/SortArticlesQuesHR/d74070cf-dbe4-4530-9b79-bf1ea293cab8/node_modules/react-dom/cjs/react-dom.development.js:11951:12)
    at scheduleRootUpdate (/home/akash-ingole/Desktop/SortArticlesQuesHR/d74070cf-dbe4-4530-9b79-bf1ea293cab8/node_modules/react-dom/cjs/react-dom.development.js:12579:5)
    at updateContainerAtExpirationTime (/home/akash-ingole/Desktop/SortArticlesQuesHR/d74070cf-dbe4-4530-9b79-bf1ea293cab8/node_modules/react-dom/cjs/react-dom.development.js:12607:12)
    at Object.updateContainer (/home/akash-ingole/Desktop/SortArticlesQuesHR/d74070cf-dbe4-4530-9b79-bf1ea293cab8/node_modules/react-dom/cjs/react-dom.development.js:12626:14)
    at ReactRoot.Object.&lt;anonymous&gt;.ReactRoot.render (/home/akash-ingole/Desktop/SortArticlesQuesHR/d74070cf-dbe4-4530-9b79-bf1ea293cab8/node_modules/react-dom/cjs/react-dom.development.js:15926:15)
    at /home/akash-ingole/Desktop/SortArticlesQuesHR/d74070cf-dbe4-4530-9b79-bf1ea293cab8/node_modules/react-dom/cjs/react-dom.development.js:16345:14
    at Object.unbatchedUpdates (/home/akash-ingole/Desktop/SortArticlesQuesHR/d74070cf-dbe4-4530-9b79-bf1ea293cab8/node_modules/react-dom/cjs/react-dom.development.js:12421:16)
    at legacyRenderSubtreeIntoContainer (/home/akash-ingole/Desktop/SortArticlesQuesHR/d74070cf-dbe4-4530-9b79-bf1ea293cab8/node_modules/react-dom/cjs/react-dom.development.js:16341:17)
    at Object.render (/home/akash-ingole/Desktop/SortArticlesQuesHR/d74070cf-dbe4-4530-9b79-bf1ea293cab8/node_modules/react-dom/cjs/react-dom.development.js:16409:12)
    at /home/akash-ingole/Desktop/SortArticlesQuesHR/d74070cf-dbe4-4530-9b79-bf1ea293cab8/node_modules/@testing-library/react/dist/index.js:86:25
    at Object.batchedUpdates [as unstable_batchedUpdates] (/home/akash-ingole/Desktop/SortArticlesQuesHR/d74070cf-dbe4-4530-9b79-bf1ea293cab8/node_modules/react-dom/cjs/react-dom.development.js:12406:14)
    at actPolyfill (/home/akash-ingole/Desktop/SortArticlesQuesHR/d74070cf-dbe4-4530-9b79-bf1ea293cab8/node_modules/@testing-library/react/dist/act-compat.js:26:21)
    at render (/home/akash-ingole/Desktop/SortArticlesQuesHR/d74070cf-dbe4-4530-9b79-bf1ea293cab8/node_modules/@testing-library/react/dist/index.js:82:26)
    at renderApp (/home/akash-ingole/Desktop/SortArticlesQuesHR/d74070cf-dbe4-4530-9b79-bf1ea293cab8/src/App.test.js:74:44)
    at Object.&lt;anonymous&gt; (/home/akash-ingole/Desktop/SortArticlesQuesHR/d74070cf-dbe4-4530-9b79-bf1ea293cab8/src/App.test.js:124:3)
    at Object.asyncFn (/home/akash-ingole/Desktop/SortArticlesQuesHR/d74070cf-dbe4-4530-9b79-bf1ea293cab8/node_modules/jest-jasmine2/build/jasmine-async.js:68:30)
    at /home/akash-ingole/Desktop/SortArticlesQuesHR/d74070cf-dbe4-4530-9b79-bf1ea293cab8/node_modules/jest-jasmine2/build/queueRunner.js:38:12
    at new Promise (&lt;anonymous&gt;)
    at mapper (/home/akash-ingole/Desktop/SortArticlesQuesHR/d74070cf-dbe4-4530-9b79-bf1ea293cab8/node_modules/jest-jasmine2/build/queueRunner.js:31:21)
    at /home/akash-ingole/Desktop/SortArticlesQuesHR/d74070cf-dbe4-4530-9b79-bf1ea293cab8/node_modules/p-map/index.js:46:16
    at processTicksAndRejections (internal/process/task_queues.js:93:5)</failure>
    </testcase>
    <testcase classname=" Sequence of navigation clicks renders expected artices" name=" Sequence of navigation clicks renders expected artices" time="0.003">
      <failure>TypeError: this.props.changeOrderByDate is not a function
    at App.componentDidMount (/home/akash-ingole/Desktop/SortArticlesQuesHR/d74070cf-dbe4-4530-9b79-bf1ea293cab8/src/App.js:27:70)
    at commitLifeCycles (/home/akash-ingole/Desktop/SortArticlesQuesHR/d74070cf-dbe4-4530-9b79-bf1ea293cab8/node_modules/react-dom/cjs/react-dom.development.js:9698:26)
    at commitAllLifeCycles (/home/akash-ingole/Desktop/SortArticlesQuesHR/d74070cf-dbe4-4530-9b79-bf1ea293cab8/node_modules/react-dom/cjs/react-dom.development.js:11349:9)
    at HTMLUnknownElement.callCallback (/home/akash-ingole/Desktop/SortArticlesQuesHR/d74070cf-dbe4-4530-9b79-bf1ea293cab8/node_modules/react-dom/cjs/react-dom.development.js:104:14)
    at invokeEventListeners (/home/akash-ingole/Desktop/SortArticlesQuesHR/d74070cf-dbe4-4530-9b79-bf1ea293cab8/node_modules/jsdom/lib/jsdom/living/events/EventTarget-impl.js:219:27)
    at HTMLUnknownElementImpl._dispatch (/home/akash-ingole/Desktop/SortArticlesQuesHR/d74070cf-dbe4-4530-9b79-bf1ea293cab8/node_modules/jsdom/lib/jsdom/living/events/EventTarget-impl.js:126:9)
    at HTMLUnknownElementImpl.dispatchEvent (/home/akash-ingole/Desktop/SortArticlesQuesHR/d74070cf-dbe4-4530-9b79-bf1ea293cab8/node_modules/jsdom/lib/jsdom/living/events/EventTarget-impl.js:87:17)
    at HTMLUnknownElementImpl.dispatchEvent (/home/akash-ingole/Desktop/SortArticlesQuesHR/d74070cf-dbe4-4530-9b79-bf1ea293cab8/node_modules/jsdom/lib/jsdom/living/nodes/HTMLElement-impl.js:36:27)
    at HTMLUnknownElement.dispatchEvent (/home/akash-ingole/Desktop/SortArticlesQuesHR/d74070cf-dbe4-4530-9b79-bf1ea293cab8/node_modules/jsdom/lib/jsdom/living/generated/EventTarget.js:61:35)
    at Object.invokeGuardedCallbackDev (/home/akash-ingole/Desktop/SortArticlesQuesHR/d74070cf-dbe4-4530-9b79-bf1ea293cab8/node_modules/react-dom/cjs/react-dom.development.js:142:16)
    at invokeGuardedCallback (/home/akash-ingole/Desktop/SortArticlesQuesHR/d74070cf-dbe4-4530-9b79-bf1ea293cab8/node_modules/react-dom/cjs/react-dom.development.js:191:29)
    at commitRoot (/home/akash-ingole/Desktop/SortArticlesQuesHR/d74070cf-dbe4-4530-9b79-bf1ea293cab8/node_modules/react-dom/cjs/react-dom.development.js:11488:9)
    at completeRoot (/home/akash-ingole/Desktop/SortArticlesQuesHR/d74070cf-dbe4-4530-9b79-bf1ea293cab8/node_modules/react-dom/cjs/react-dom.development.js:12371:36)
    at performWorkOnRoot (/home/akash-ingole/Desktop/SortArticlesQuesHR/d74070cf-dbe4-4530-9b79-bf1ea293cab8/node_modules/react-dom/cjs/react-dom.development.js:12321:11)
    at requestWork (/home/akash-ingole/Desktop/SortArticlesQuesHR/d74070cf-dbe4-4530-9b79-bf1ea293cab8/node_modules/react-dom/cjs/react-dom.development.js:12109:9)
    at scheduleWorkImpl (/home/akash-ingole/Desktop/SortArticlesQuesHR/d74070cf-dbe4-4530-9b79-bf1ea293cab8/node_modules/react-dom/cjs/react-dom.development.js:11991:13)
    at scheduleWork (/home/akash-ingole/Desktop/SortArticlesQuesHR/d74070cf-dbe4-4530-9b79-bf1ea293cab8/node_modules/react-dom/cjs/react-dom.development.js:11951:12)
    at scheduleRootUpdate (/home/akash-ingole/Desktop/SortArticlesQuesHR/d74070cf-dbe4-4530-9b79-bf1ea293cab8/node_modules/react-dom/cjs/react-dom.development.js:12579:5)
    at updateContainerAtExpirationTime (/home/akash-ingole/Desktop/SortArticlesQuesHR/d74070cf-dbe4-4530-9b79-bf1ea293cab8/node_modules/react-dom/cjs/react-dom.development.js:12607:12)
    at Object.updateContainer (/home/akash-ingole/Desktop/SortArticlesQuesHR/d74070cf-dbe4-4530-9b79-bf1ea293cab8/node_modules/react-dom/cjs/react-dom.development.js:12626:14)
    at ReactRoot.Object.&lt;anonymous&gt;.ReactRoot.render (/home/akash-ingole/Desktop/SortArticlesQuesHR/d74070cf-dbe4-4530-9b79-bf1ea293cab8/node_modules/react-dom/cjs/react-dom.development.js:15926:15)
    at /home/akash-ingole/Desktop/SortArticlesQuesHR/d74070cf-dbe4-4530-9b79-bf1ea293cab8/node_modules/react-dom/cjs/react-dom.development.js:16345:14
    at Object.unbatchedUpdates (/home/akash-ingole/Desktop/SortArticlesQuesHR/d74070cf-dbe4-4530-9b79-bf1ea293cab8/node_modules/react-dom/cjs/react-dom.development.js:12421:16)
    at legacyRenderSubtreeIntoContainer (/home/akash-ingole/Desktop/SortArticlesQuesHR/d74070cf-dbe4-4530-9b79-bf1ea293cab8/node_modules/react-dom/cjs/react-dom.development.js:16341:17)
    at Object.render (/home/akash-ingole/Desktop/SortArticlesQuesHR/d74070cf-dbe4-4530-9b79-bf1ea293cab8/node_modules/react-dom/cjs/react-dom.development.js:16409:12)
    at /home/akash-ingole/Desktop/SortArticlesQuesHR/d74070cf-dbe4-4530-9b79-bf1ea293cab8/node_modules/@testing-library/react/dist/index.js:86:25
    at Object.batchedUpdates [as unstable_batchedUpdates] (/home/akash-ingole/Desktop/SortArticlesQuesHR/d74070cf-dbe4-4530-9b79-bf1ea293cab8/node_modules/react-dom/cjs/react-dom.development.js:12406:14)
    at actPolyfill (/home/akash-ingole/Desktop/SortArticlesQuesHR/d74070cf-dbe4-4530-9b79-bf1ea293cab8/node_modules/@testing-library/react/dist/act-compat.js:26:21)
    at render (/home/akash-ingole/Desktop/SortArticlesQuesHR/d74070cf-dbe4-4530-9b79-bf1ea293cab8/node_modules/@testing-library/react/dist/index.js:82:26)
    at renderApp (/home/akash-ingole/Desktop/SortArticlesQuesHR/d74070cf-dbe4-4530-9b79-bf1ea293cab8/src/App.test.js:74:44)
    at Object.&lt;anonymous&gt; (/home/akash-ingole/Desktop/SortArticlesQuesHR/d74070cf-dbe4-4530-9b79-bf1ea293cab8/src/App.test.js:135:3)
    at Object.asyncFn (/home/akash-ingole/Desktop/SortArticlesQuesHR/d74070cf-dbe4-4530-9b79-bf1ea293cab8/node_modules/jest-jasmine2/build/jasmine-async.js:68:30)
    at /home/akash-ingole/Desktop/SortArticlesQuesHR/d74070cf-dbe4-4530-9b79-bf1ea293cab8/node_modules/jest-jasmine2/build/queueRunner.js:38:12
    at new Promise (&lt;anonymous&gt;)
    at mapper (/home/akash-ingole/Desktop/SortArticlesQuesHR/d74070cf-dbe4-4530-9b79-bf1ea293cab8/node_modules/jest-jasmine2/build/queueRunner.js:31:21)
    at /home/akash-ingole/Desktop/SortArticlesQuesHR/d74070cf-dbe4-4530-9b79-bf1ea293cab8/node_modules/p-map/index.js:46:16
    at processTicksAndRejections (internal/process/task_queues.js:93:5)</failure>
    </testcase>
  </testsuite>
</testsuites>